// Jest Snapshot v1, https://goo.gl/fbAQLP

exports[`Routes GET request to directory index 1`] = `"<!DOCTYPE html><html><head><meta charset=\\"utf-8\\"/></head><body><ul><li><a href=\\"/main.js\\">main.js</a></li><li><a href=\\"/main\\">main</a> (magic html for main.js) (<a href=\\"/webpack-dev-server/main\\">webpack-dev-server</a>)</li></ul></body></html>"`;

exports[`Routes GET request to magic html 1`] = `"<!DOCTYPE html><html><head><meta charset=\\"utf-8\\"/></head><body><script type=\\"text/javascript\\" charset=\\"utf-8\\" src=\\"/main.js\\"></script></body></html>"`;
